// Jest Snapshot v1, https://goo.gl/fbAQLP

exports[`Fields should create and execute schema as expected 1`] = `
"type Host {
  name: String!
  rooms(count: Int): [Room]
}

type Query {
  host: Host
}

type Room {
  name: String!
  tags: [String]
}
"
`;
