// Jest Snapshot v1, https://goo.gl/fbAQLP

exports[`Input object instantiation generates schema as expected 1`] = `
"type Member {
  id: Int!
  username: String!
  email: String!
}

input MemberInput {
  username: String!
  email: String!
  profile: MemberProfileInput!
}

input MemberProfileInput {
  firstName: String!
  lastName: String!
}

type Mutation {
  instantiateMemberInput(member: MemberInput!): Boolean!
  getEmailFromInput(member: MemberInput!): String!
  getUsernameFromInput(member: MemberInput!): String!
}

type Query {
  getMember: Member!
}
"
`;
